##
# This file is auto-generated by the Jenkins Pipeline.
# It contains the execution log of a sample build.
# It show the parameters for:

    stage('Print Environment') {
      steps {
        script {
          echo "Branch: ${env.BRANCH_NAME}"
          echo "Job Name: ${env.JOB_NAME}"
          echo "Build Number: ${env.BUILD_NUMBER}"
          echo "Workspace: ${env.WORKSPACE}"
          echo "Git Commit: ${env.GIT_COMMIT}"
        }
        // Or print everything
        sh 'printenv'
      }
    }

Push event to branch master-ci-6005-postgresql
Connecting to https://api.github.com using pablo-inchausti-caylent/******
Obtained ci-mvp-downstream-builds/Jenkinsfile from 7ee2c7dc7375824aefaac7616ab53481fbb3c358
[Pipeline] Start of Pipeline
[Pipeline] node
Agent default-jkrn8 is provisioned from template default
---
apiVersion: "v1"
kind: "Pod"
metadata:
  annotations:
    kubernetes.jenkins.io/last-refresh: "1750568302750"
  labels:
    jenkins/jenkins-jenkins-agent: "true"
    jenkins/label-digest: "500b4f18aee87616849e4f4c2435020898e34aa0"
    jenkins/label: "jenkins-jenkins-agent"
    kubernetes.jenkins.io/controller: "http___jenkins_liferay-jenkins_svc_cluster_local_8080x"
  name: "default-jkrn8"
  namespace: "liferay-jenkins"
spec:
  containers:
  - args:
    - "********"
    - "default-jkrn8"
    env:
    - name: "JENKINS_SECRET"
      value: "********"
    - name: "JENKINS_TUNNEL"
      value: "jenkins-agent.liferay-jenkins.svc.cluster.local:50000"
    - name: "JENKINS_AGENT_NAME"
      value: "default-jkrn8"
    - name: "REMOTING_OPTS"
      value: "-noReconnectAfter 1d"
    - name: "JENKINS_NAME"
      value: "default-jkrn8"
    - name: "JENKINS_AGENT_WORKDIR"
      value: "/home/jenkins/agent"
    - name: "JENKINS_URL"
      value: "http://jenkins.liferay-jenkins.svc.cluster.local:8080/"
    image: "jenkins/inbound-agent:3309.v27b_9314fd1a_4-4"
    imagePullPolicy: "IfNotPresent"
    name: "jnlp"
    resources:
      limits:
        memory: "512Mi"
        cpu: "512m"
      requests:
        memory: "512Mi"
        cpu: "512m"
    tty: false
    volumeMounts:
    - mountPath: "/home/jenkins/agent"
      name: "workspace-volume"
      readOnly: false
    workingDir: "/home/jenkins/agent"
  nodeSelector:
    kubernetes.io/os: "linux"
  restartPolicy: "Never"
  serviceAccountName: "default"
  volumes:
  - emptyDir:
      medium: ""
    name: "workspace-volume"

Running on default-jkrn8 in /home/jenkins/agent/workspace/eprint_master-ci-6005-postgresql
[Pipeline] {
[Pipeline] stage
[Pipeline] { (Print Environment)
[Pipeline] script
[Pipeline] {
[Pipeline] echo
Branch: master-ci-6005-postgresql
[Pipeline] echo
Job Name: MVP Liferay Blueprint/master-ci-6005-postgresql
[Pipeline] echo
Build Number: 43
[Pipeline] echo
Workspace: /home/jenkins/agent/workspace/eprint_master-ci-6005-postgresql
[Pipeline] echo
Git Commit: null
[Pipeline] }
[Pipeline] // script
[Pipeline] sh
+ printenv
JENKINS_HOME=/var/jenkins_home
JENKINS_SECRET=****
KUBERNETES_PORT=tcp://10.100.0.1:443
KUBERNETES_SERVICE_PORT=443
USER=jenkins
CI=true
RUN_CHANGES_DISPLAY_URL=http://jenkins:8080/job/MVP%20Liferay%20Blueprint/job/master-ci-6005-postgresql/43/display/redirect?page=changes
HOSTNAME=default-jkrn8
NODE_LABELS=jenkins-jenkins-agent default-jkrn8
HUDSON_URL=http://jenkins:8080/
REMOTING_OPTS=-noReconnectAfter 1d
HOME=/home/jenkins
BUILD_URL=http://jenkins:8080/job/MVP%20Liferay%20Blueprint/job/master-ci-6005-postgresql/43/
HUDSON_COOKIE=6b1883fe-1e69-4de4-bb87-6cc7041389a5
JENKINS_SERVER_COOKIE=durable-b195d0f17e803678f5c0575d12dd7eef4fa1c54402df0ae33e8cb83c600a365e
JENKINS_AGENT_WORKDIR=/home/jenkins/agent
WORKSPACE=/home/jenkins/agent/workspace/eprint_master-ci-6005-postgresql
JENKINS_AGENT_PORT_50000_TCP_ADDR=10.100.193.196
JENKINS_SERVICE_PORT_HTTP=8080
JENKINS_AGENT_SERVICE_HOST=10.100.193.196
NODE_NAME=default-jkrn8
JENKINS_AGENT_PORT_50000_TCP_PORT=50000
RUN_ARTIFACTS_DISPLAY_URL=http://jenkins:8080/job/MVP%20Liferay%20Blueprint/job/master-ci-6005-postgresql/43/display/redirect?page=artifacts
STAGE_NAME=Print Environment
JENKINS_TUNNEL=jenkins-agent.liferay-jenkins.svc.cluster.local:50000
JENKINS_AGENT_PORT_50000_TCP_PROTO=tcp
EXECUTOR_NUMBER=0
RUN_TESTS_DISPLAY_URL=http://jenkins:8080/job/MVP%20Liferay%20Blueprint/job/master-ci-6005-postgresql/43/display/redirect?page=tests
BUILD_DISPLAY_NAME=#43
KUBERNETES_PORT_443_TCP_ADDR=10.100.0.1
HUDSON_HOME=/var/jenkins_home
AGENT_WORKDIR=/home/jenkins/agent
JOB_BASE_NAME=master-ci-6005-postgresql
PATH=/opt/java/openjdk/bin:/usr/local/sbin:/usr/local/bin:/usr/sbin:/usr/bin:/sbin:/bin
JENKINS_SERVICE_HOST=10.100.213.45
JENKINS_PORT_8080_TCP_ADDR=10.100.213.45
JENKINS_AGENT_SERVICE_PORT=50000
JENKINS_AGENT_PORT=tcp://10.100.193.196:50000
BUILD_ID=43
KUBERNETES_PORT_443_TCP_PORT=443
BUILD_TAG=jenkins-MVP Liferay Blueprint-master-ci-6005-postgresql-43
KUBERNETES_PORT_443_TCP_PROTO=tcp
JENKINS_AGENT_SERVICE_PORT_AGENT_LISTENER=50000
JENKINS_URL=http://jenkins:8080/
JENKINS_PORT_8080_TCP_PORT=8080
LANG=C.UTF-8
JOB_URL=http://jenkins:8080/job/MVP%20Liferay%20Blueprint/job/master-ci-6005-postgresql/
JENKINS_AGENT_NAME=default-jkrn8
JENKINS_AGENT_PORT_50000_TCP=tcp://10.100.193.196:50000
JENKINS_PORT_8080_TCP_PROTO=tcp
BUILD_NUMBER=43
JENKINS_NODE_COOKIE=ae60ece4-a67b-4135-bdd9-0f24041fa5b5
RUN_DISPLAY_URL=http://jenkins:8080/job/MVP%20Liferay%20Blueprint/job/master-ci-6005-postgresql/43/display/redirect
JENKINS_PORT=tcp://10.100.213.45:8080
JENKINS_SERVICE_PORT=8080
HUDSON_SERVER_COOKIE=95def675c30a611a
JOB_DISPLAY_URL=http://jenkins:8080/job/MVP%20Liferay%20Blueprint/job/master-ci-6005-postgresql/display/redirect
KUBERNETES_PORT_443_TCP=tcp://10.100.0.1:443
KUBERNETES_SERVICE_PORT_HTTPS=443
JENKINS_NAME=default-jkrn8
JOB_NAME=MVP Liferay Blueprint/master-ci-6005-postgresql
PWD=/home/jenkins/agent/workspace/eprint_master-ci-6005-postgresql
JENKINS_PORT_8080_TCP=tcp://10.100.213.45:8080
JAVA_HOME=/opt/java/openjdk
KUBERNETES_SERVICE_HOST=10.100.0.1
TZ=Etc/UTC
WORKSPACE_TMP=/home/jenkins/agent/workspace/eprint_master-ci-6005-postgresql@tmp
BRANCH_NAME=master-ci-6005-postgresql
[Pipeline] }
[Pipeline] // stage
[Pipeline] stage
[Pipeline] { (Decide What to Run)
[Pipeline] script
[Pipeline] {
[Pipeline] sh
+ git diff --name-only HEAD~1
warning: Not a git repository. Use --no-index to compare two paths outside a working tree
usage: git diff --no-index [<options>] <path> <path>

Diff output format options
    -p, --patch           generate patch
    -s, --no-patch        suppress diff output
    -u                    generate patch
    -U, --unified[=<n>]   generate diffs with <n> lines context
    -W, --function-context
                          generate diffs with <n> lines context
    --raw                 generate the diff in raw format
    --patch-with-raw      synonym for '-p --raw'
    --patch-with-stat     synonym for '-p --stat'
    --numstat             machine friendly --stat
    --shortstat           output only the last line of --stat
    -X, --dirstat[=<param1,param2>...]
                          output the distribution of relative amount of changes for each sub-directory
    --cumulative          synonym for --dirstat=cumulative
    --dirstat-by-file[=<param1,param2>...]
                          synonym for --dirstat=files,param1,param2...
    --check               warn if changes introduce conflict markers or whitespace errors
    --summary             condensed summary such as creations, renames and mode changes
    --name-only           show only names of changed files
    --name-status         show only names and status of changed files
    --stat[=<width>[,<name-width>[,<count>]]]
                          generate diffstat
    --stat-width <width>  generate diffstat with a given width
    --stat-name-width <width>
                          generate diffstat with a given name width
    --stat-graph-width <width>
                          generate diffstat with a given graph width
    --stat-count <count>  generate diffstat with limited lines
    --compact-summary     generate compact summary in diffstat
    --binary              output a binary diff that can be applied
    --full-index          show full pre- and post-image object names on the "index" lines
    --color[=<when>]      show colored diff
    --ws-error-highlight <kind>
                          highlight whitespace errors in the 'context', 'old' or 'new' lines in the diff
    -z                    do not munge pathnames and use NULs as output field terminators in --raw or --numstat
    --abbrev[=<n>]        use <n> digits to display object names
    --src-prefix <prefix>
                          show the given source prefix instead of "a/"
    --dst-prefix <prefix>
                          show the given destination prefix instead of "b/"
    --line-prefix <prefix>
                          prepend an additional prefix to every line of output
    --no-prefix           do not show any source or destination prefix
    --inter-hunk-context <n>
                          show context between diff hunks up to the specified number of lines
    --output-indicator-new <char>
                          specify the character to indicate a new line instead of '+'
    --output-indicator-old <char>
                          specify the character to indicate an old line instead of '-'
    --output-indicator-context <char>
                          specify the character to indicate a context instead of ' '

Diff rename options
    -B, --break-rewrites[=<n>[/<m>]]
                          break complete rewrite changes into pairs of delete and create
    -M, --find-renames[=<n>]
                          detect renames
    -D, --irreversible-delete
                          omit the preimage for deletes
    -C, --find-copies[=<n>]
                          detect copies
    --find-copies-harder  use unmodified files as source to find copies
    --no-renames          disable rename detection
    --rename-empty        use empty blobs as rename source
    --follow              continue listing the history of a file beyond renames
    -l <n>                prevent rename/copy detection if the number of rename/copy targets exceeds given limit

Diff algorithm options
    --minimal             produce the smallest possible diff
    -w, --ignore-all-space
                          ignore whitespace when comparing lines
    -b, --ignore-space-change
                          ignore changes in amount of whitespace
    --ignore-space-at-eol
                          ignore changes in whitespace at EOL
    --ignore-cr-at-eol    ignore carrier-return at the end of line
    --ignore-blank-lines  ignore changes whose lines are all blank
    -I, --ignore-matching-lines <regex>
                          ignore changes whose all lines match <regex>
    --indent-heuristic    heuristic to shift diff hunk boundaries for easy reading
    --patience            generate diff using the "patience diff" algorithm
    --histogram           generate diff using the "histogram diff" algorithm
    --diff-algorithm <algorithm>
                          choose a diff algorithm
    --anchored <text>     generate diff using the "anchored diff" algorithm
    --word-diff[=<mode>]  show word diff, using <mode> to delimit changed words
    --word-diff-regex <regex>
                          use <regex> to decide what a word is
    --color-words[=<regex>]
                          equivalent to --word-diff=color --word-diff-regex=<regex>
    --color-moved[=<mode>]
                          moved lines of code are colored differently
    --color-moved-ws <mode>
                          how white spaces are ignored in --color-moved

Other diff options
    --relative[=<prefix>]
                          when run from subdir, exclude changes outside and show relative paths
    -a, --text            treat all files as text
    -R                    swap two inputs, reverse the diff
    --exit-code           exit with 1 if there were differences, 0 otherwise
    --quiet               disable all output of the program
    --ext-diff            allow an external diff helper to be executed
    --textconv            run external text conversion filters when comparing binary files
    --ignore-submodules[=<when>]
                          ignore changes to submodules in the diff generation
    --submodule[=<format>]
                          specify how differences in submodules are shown
    --ita-invisible-in-index
                          hide 'git add -N' entries from the index
    --ita-visible-in-index
                          treat 'git add -N' entries as real in the index
    -S <string>           look for differences that change the number of occurrences of the specified string
    -G <regex>            look for differences that change the number of occurrences of the specified regex
    --pickaxe-all         show all changes in the changeset with -S or -G
    --pickaxe-regex       treat <string> in -S as extended POSIX regular expression
    -O <file>             control the order in which files appear in the output
    --rotate-to <path>    show the change in the specified path first
    --skip-to <path>      skip the output to the specified path
    --find-object <object-id>
                          look for differences that change the number of occurrences of the specified object
    --diff-filter [(A|C|D|M|R|T|U|X|B)...[*]]
                          select files by diff type
    --output <file>       output to a specific file

[Pipeline] }
[Pipeline] // script
[Pipeline] }
[Pipeline] // stage
[Pipeline] }
[Pipeline] // node
[Pipeline] End of Pipeline
ERROR: script returned exit code 129

GitHub has been notified of this commit’s build result

Finished: FAILURE