##
# This file is auto-generated by the Jenkins Pipeline.
# It contains the execution log of a sample build.
# It show the parameters for:

http://3.133.220.225:8080/job/MVP%20Liferay%20Blueprint/job/master-ci-6005-postgresql/69/consoleText

# - Branch: master-ci-6005-postgresql
# - Job Name: MVP Liferay Blueprint/master-ci-6005-postgresql
# - Build Number: 69
# - Workspace: /home/jenkins/agent/workspace/eprint_master-ci-6005-postgresql
# - Git Commit: null
##
Started by user Pablo Inchausti Caylent
Running in Durability level: MAX_SURVIVABILITY

Push event to branch master-ci-6005-postgresql
Connecting to https://api.github.com using pablo-inchausti-caylent/******
Obtained ci-mvp-downstream-builds/Jenkinsfile from 593e0f02ccedd221e3bd48921f986b68f0542871
Loading library Liferay-Global-Shared-Libs@main:PoC-20-Shared-Libs/Global-Shared-Libs/
Examining caylent/Liferay-eks-mvp
Attempting to resolve main as a branch
Resolved main as branch main at revision c73c97799559bd7b50aa611ff37a9a95b7505e8a
Selected Git installation does not exist. Using Default
The recommended git tool is: NONE
using credential github-pat-pei
 > git rev-parse --resolve-git-dir /var/jenkins_home/workspace/eprint_master-ci-6005-postgresql@libs/a12b42965af0e05d0aa89ee3bef0d22c44bc7f2dc69c00faeb67e17a96dfa730/.git # timeout=10
Fetching changes from the remote Git repository
 > git config remote.origin.url https://github.com/caylent/Liferay-eks-mvp.git # timeout=10
Fetching without tags
Fetching upstream changes from https://github.com/caylent/Liferay-eks-mvp.git
 > git --version # timeout=10
 > git --version # 'git version 2.39.5'
using GIT_ASKPASS to set credentials 
 > git fetch --no-tags --force --progress -- https://github.com/caylent/Liferay-eks-mvp.git +refs/heads/main:refs/remotes/origin/main # timeout=10
Checking out Revision c73c97799559bd7b50aa611ff37a9a95b7505e8a (main)
 > git config core.sparsecheckout # timeout=10
 > git checkout -f c73c97799559bd7b50aa611ff37a9a95b7505e8a # timeout=10
Commit message: "#ID15 - EKS EFS Fix"
 > git rev-list --no-walk c73c97799559bd7b50aa611ff37a9a95b7505e8a # timeout=10
[Pipeline] Start of Pipeline
[Pipeline] podTemplate
[Pipeline] {
[Pipeline] node
Created Pod: kubernetes liferay-jenkins/mvp-liferay-blueprint-master-ci-6005-postgresql-69-nbc61--j95qd
[PodInfo] liferay-jenkins/mvp-liferay-blueprint-master-ci-6005-postgresql-69-nbc61--j95qd
	Container [jnlp] waiting [ContainerCreating] No message
	Container [runner] waiting [ContainerCreating] No message
	Pod [Pending][ContainersNotReady] containers with unready status: [jnlp runner]
Agent mvp-liferay-blueprint-master-ci-6005-postgresql-69-nbc61--j95qd is provisioned from template MVP_Liferay_Blueprint_master-ci-6005-postgresql_69-nbc61-744jz
---
apiVersion: "v1"
kind: "Pod"
metadata:
  annotations:
    kubernetes.jenkins.io/last-refresh: "1750658887854"
    buildUrl: "http://jenkins.liferay-jenkins.svc.cluster.local:8080/job/MVP%20Liferay%20Blueprint/job/master-ci-6005-postgresql/69/"
    runUrl: "job/MVP%20Liferay%20Blueprint/job/master-ci-6005-postgresql/69/"
  labels:
    jenkins: "agent"
    jenkins/jenkins-jenkins-agent: "true"
    jenkins/label-digest: "d20b2b8ef0c2a32480d1fe881c8dded8c44a7b9d"
    jenkins/label: "MVP_Liferay_Blueprint_master-ci-6005-postgresql_69-nbc61"
    kubernetes.jenkins.io/controller: "http___jenkins_liferay-jenkins_svc_cluster_local_8080x"
  name: "mvp-liferay-blueprint-master-ci-6005-postgresql-69-nbc61--j95qd"
  namespace: "liferay-jenkins"
spec:
  containers:
  - env:
    - name: "JENKINS_SECRET"
      value: "********"
    - name: "JENKINS_TUNNEL"
      value: "jenkins-agent.liferay-jenkins.svc.cluster.local:50000"
    - name: "JENKINS_AGENT_NAME"
      value: "mvp-liferay-blueprint-master-ci-6005-postgresql-69-nbc61--j95qd"
    - name: "REMOTING_OPTS"
      value: "-noReconnectAfter 1d"
    - name: "JENKINS_NAME"
      value: "mvp-liferay-blueprint-master-ci-6005-postgresql-69-nbc61--j95qd"
    - name: "JENKINS_AGENT_WORKDIR"
      value: "/home/jenkins/agent"
    - name: "JENKINS_URL"
      value: "http://jenkins.liferay-jenkins.svc.cluster.local:8080/"
    image: "jenkins/inbound-agent:3309.v27b_9314fd1a_4-4"
    name: "jnlp"
    resources:
      requests:
        memory: "256Mi"
        cpu: "100m"
    volumeMounts:
    - mountPath: "/home/jenkins/agent"
      name: "efs-workspace"
  - command:
    - "cat"
    image: "300374333822.dkr.ecr.us-east-2.amazonaws.com/my-custom-kubectl:1.3"
    name: "runner"
    tty: true
    volumeMounts:
    - mountPath: "/home/jenkins/agent"
      name: "efs-workspace"
  nodeSelector:
    kubernetes.io/os: "linux"
  restartPolicy: "Never"
  serviceAccountName: "jenkins-agent"
  volumes:
  - emptyDir:
      medium: ""
    name: "workspace-volume"
  - name: "efs-workspace"
    persistentVolumeClaim:
      claimName: "jenkins-efs-pvc"

Running on mvp-liferay-blueprint-master-ci-6005-postgresql-69-nbc61--j95qd in /home/jenkins/agent/workspace/eprint_master-ci-6005-postgresql
[Pipeline] {
[Pipeline] stage
[Pipeline] { (Print Environment - v12 with mount EFS)
[Pipeline] script
[Pipeline] {
[Pipeline] echo
Testing Shared Libs
[Pipeline] echo
INFO: Validation Liferay-Global-Shared-Libs
[Pipeline] echo
WARNING: Nothing to do!
[Pipeline] echo
WARNING: TODO - Read the EFS from a GUI ?
[Pipeline] echo
Branch: master-ci-6005-postgresql
[Pipeline] echo
Job Name: MVP Liferay Blueprint/master-ci-6005-postgresql
[Pipeline] echo
Build Number: 69
[Pipeline] echo
Workspace: /home/jenkins/agent/workspace/eprint_master-ci-6005-postgresql
[Pipeline] echo
Git Commit: null
[Pipeline] }
[Pipeline] // script
[Pipeline] }
[Pipeline] // stage
[Pipeline] stage
[Pipeline] { (Validate AWS Cli, IRSA and Kubectl (optional) )
[Pipeline] container
[Pipeline] {
[Pipeline] echo
📦 Validate AWS CLI and IRSA...
[Pipeline] sh
+ aws --version
aws-cli/2.27.37 Python/3.13.4 Linux/5.10.236-228.935.amzn2.x86_64 exe/x86_64.amzn.2
+ aws sts get-caller-identity
{
    "UserId": "AROAUL35UTF7J3RMMQ4P3:botocore-session-1750658893",
    "Account": "300374333822",
    "Arn": "arn:aws:sts::300374333822:assumed-role/jenkins-irsa-role/botocore-session-1750658893"
}
+ aws s3 ls
2025-06-15 00:20:28 liferayci-file-propagator-mvp
[Pipeline] echo
📦 Validate Kubectl ...
[Pipeline] sh
+ kubectl version
Client Version: v1.33.1
Kustomize Version: v5.6.0
Server Version: v1.32.5-eks-5d4a308
[Pipeline] }
[Pipeline] // container
[Pipeline] }
[Pipeline] // stage
[Pipeline] stage
[Pipeline] { (Checkout Shallow)
[Pipeline] sh
+ echo 🔍 Checking EFS mount at /home/jenkins/agent
🔍 Checking EFS mount at /home/jenkins/agent
+ grep /home/jenkins/agent
+ mount
127.0.0.1:/ on /home/jenkins/agent type nfs4 (rw,relatime,vers=4.1,rsize=1048576,wsize=1048576,namlen=255,hard,noresvport,proto=tcp,port=20416,timeo=600,retrans=2,sec=sys,clientaddr=127.0.0.1,local_lock=none,addr=127.0.0.1)
+ date
+ echo 📄 GitRepo emulation .
+ ls -al /home/jenkins/agent
total 32
drwxrwxrwx 6 root    root    6144 Jun 23 06:04 .
drwxr-xr-x 1 jenkins jenkins   35 Jun  2 05:04 ..
drwxr-xr-x 3 jenkins jenkins 6144 Jun 23 06:04 caches
drwxrwxrwx 2 root    root    6144 Jun 13 05:15 eeee-fff
-rw-r--r-- 1 jenkins jenkins   54 Jun 23 06:08 git-repo-emulation-gz.txt
drwxr-xr-x 4 jenkins jenkins 6144 Jun 23 06:01 remoting
-rwxrwxrwx 1 root    root      92 Jun 23 05:38 test-from-az.txt
-rwxrwxrwx 1 root    root      58 Jun 13 05:07 test-from-bastion.txt
drwxr-xr-x 5 jenkins jenkins 6144 Jun 23 06:04 workspace
[Pipeline] }
[Pipeline] // stage
[Pipeline] }
[Pipeline] // node
[Pipeline] }
[Pipeline] // podTemplate
[Pipeline] End of Pipeline

GitHub has been notified of this commit’s build result

Finished: SUCCESS